Archive member included to satisfy reference by file (symbol)

../lib//libstatique.a(Robot.o)
                              exec.o (_ZN5RobotC1Ev)
../lib//libstatique.a(memoire_24.o)
                              exec.o (_ZN13Memoire24CXXXD1Ev)
../lib//libstatique.a(DistanceCaptor.o)
                              ../lib//libstatique.a(Robot.o) (_ZN14DistanceCaptorC1Ev)
../lib//libstatique.a(Memory.o)
                              ../lib//libstatique.a(Robot.o) (_ZN6Memory10recordStepEhh)
../lib//libstatique.a(Led.o)  ../lib//libstatique.a(Robot.o) (_ZN3LedC1Ev)
../lib//libstatique.a(Uart.o)
                              ../lib//libstatique.a(Robot.o) (_ZN4UartC1Ev)
../lib//libstatique.a(PhotoResistance.o)
                              ../lib//libstatique.a(Robot.o) (_ZN15PhotoResistanceC1Ev)
../lib//libstatique.a(Buttons.o)
                              ../lib//libstatique.a(Robot.o) (_ZN7ButtonsC1Ev)
../lib//libstatique.a(Motors.o)
                              ../lib//libstatique.a(Robot.o) (_ZN6MotorsC1Ev)
../lib//libstatique.a(Can.o)  ../lib//libstatique.a(DistanceCaptor.o) (_ZN3CanC1Ev)
/usr/lib/gcc/avr/10.2.0/avr5/libgcc.a(_udivmodhi4.o)
                              ../lib//libstatique.a(PhotoResistance.o) (__udivmodhi4)
/usr/lib/gcc/avr/10.2.0/avr5/libgcc.a(_exit.o)
                              /usr/lib/gcc/avr/10.2.0/../../../../avr/lib/avr5/crtatmega324pa.o (exit)
/usr/lib/gcc/avr/10.2.0/avr5/libgcc.a(_tablejump2.o)
                              ../lib//libstatique.a(Robot.o) (__tablejump2__)
/usr/lib/gcc/avr/10.2.0/avr5/libgcc.a(_copy_data.o)
                              exec.o (__do_copy_data)
/usr/lib/gcc/avr/10.2.0/avr5/libgcc.a(_clear_bss.o)
                              exec.o (__do_clear_bss)
/usr/lib/gcc/avr/10.2.0/../../../../avr/lib/avr5/libm.a(cmpsf2.o)
                              ../lib//libstatique.a(DistanceCaptor.o) (__ltsf2)
/usr/lib/gcc/avr/10.2.0/../../../../avr/lib/avr5/libm.a(divsf3.o)
                              ../lib//libstatique.a(Robot.o) (__divsf3)
/usr/lib/gcc/avr/10.2.0/../../../../avr/lib/avr5/libm.a(divsf3x.o)
                              /usr/lib/gcc/avr/10.2.0/../../../../avr/lib/avr5/libm.a(divsf3.o) (__divsf3x)
/usr/lib/gcc/avr/10.2.0/../../../../avr/lib/avr5/libm.a(fixunssfsi.o)
                              ../lib//libstatique.a(Robot.o) (__fixunssfsi)
/usr/lib/gcc/avr/10.2.0/../../../../avr/lib/avr5/libm.a(floatsisf.o)
                              ../lib//libstatique.a(Robot.o) (__floatunsisf)
/usr/lib/gcc/avr/10.2.0/../../../../avr/lib/avr5/libm.a(fp_cmp.o)
                              /usr/lib/gcc/avr/10.2.0/../../../../avr/lib/avr5/libm.a(cmpsf2.o) (__fp_cmp)
/usr/lib/gcc/avr/10.2.0/../../../../avr/lib/avr5/libm.a(fp_inf.o)
                              /usr/lib/gcc/avr/10.2.0/../../../../avr/lib/avr5/libm.a(divsf3x.o) (__fp_inf)
/usr/lib/gcc/avr/10.2.0/../../../../avr/lib/avr5/libm.a(fp_nan.o)
                              /usr/lib/gcc/avr/10.2.0/../../../../avr/lib/avr5/libm.a(divsf3x.o) (__fp_nan)
/usr/lib/gcc/avr/10.2.0/../../../../avr/lib/avr5/libm.a(fp_pscA.o)
                              /usr/lib/gcc/avr/10.2.0/../../../../avr/lib/avr5/libm.a(divsf3x.o) (__fp_pscA)
/usr/lib/gcc/avr/10.2.0/../../../../avr/lib/avr5/libm.a(fp_pscB.o)
                              /usr/lib/gcc/avr/10.2.0/../../../../avr/lib/avr5/libm.a(divsf3x.o) (__fp_pscB)
/usr/lib/gcc/avr/10.2.0/../../../../avr/lib/avr5/libm.a(fp_round.o)
                              /usr/lib/gcc/avr/10.2.0/../../../../avr/lib/avr5/libm.a(divsf3.o) (__fp_round)
/usr/lib/gcc/avr/10.2.0/../../../../avr/lib/avr5/libm.a(fp_split3.o)
                              /usr/lib/gcc/avr/10.2.0/../../../../avr/lib/avr5/libm.a(divsf3x.o) (__fp_split3)
/usr/lib/gcc/avr/10.2.0/../../../../avr/lib/avr5/libm.a(fp_zero.o)
                              /usr/lib/gcc/avr/10.2.0/../../../../avr/lib/avr5/libm.a(fixunssfsi.o) (__fp_zero)
/usr/lib/gcc/avr/10.2.0/../../../../avr/lib/avr5/libm.a(mulsf3.o)
                              ../lib//libstatique.a(Robot.o) (__mulsf3)
/usr/lib/gcc/avr/10.2.0/../../../../avr/lib/avr5/libm.a(mulsf3x.o)
                              /usr/lib/gcc/avr/10.2.0/../../../../avr/lib/avr5/libm.a(mulsf3.o) (__mulsf3x)

Memory Configuration

Name             Origin             Length             Attributes
text             0x0000000000000000 0x0000000000020000 xr
data             0x0000000000800060 0x000000000000ffa0 rw !x
eeprom           0x0000000000810000 0x0000000000010000 rw !x
fuse             0x0000000000820000 0x0000000000000003 rw !x
lock             0x0000000000830000 0x0000000000000400 rw !x
signature        0x0000000000840000 0x0000000000000400 rw !x
user_signatures  0x0000000000850000 0x0000000000000400 rw !x
*default*        0x0000000000000000 0xffffffffffffffff

Linker script and memory map

Address of section .data set to 0x800100
LOAD /usr/lib/gcc/avr/10.2.0/../../../../avr/lib/avr5/crtatmega324pa.o
LOAD exec.o
LOAD /usr/lib/gcc/avr/10.2.0/../../../../avr/lib/avr5/libm.a
LOAD ../lib//libstatique.a
START GROUP
LOAD /usr/lib/gcc/avr/10.2.0/avr5/libgcc.a
LOAD /usr/lib/gcc/avr/10.2.0/../../../../avr/lib/avr5/libm.a
LOAD /usr/lib/gcc/avr/10.2.0/../../../../avr/lib/avr5/libc.a
LOAD /usr/lib/gcc/avr/10.2.0/../../../../avr/lib/avr5/libatmega324pa.a
END GROUP
                0x0000000000020000                __TEXT_REGION_LENGTH__ = DEFINED (__TEXT_REGION_LENGTH__)?__TEXT_REGION_LENGTH__:0x20000
                0x000000000000ffa0                __DATA_REGION_LENGTH__ = DEFINED (__DATA_REGION_LENGTH__)?__DATA_REGION_LENGTH__:0xffa0
                0x0000000000010000                __EEPROM_REGION_LENGTH__ = DEFINED (__EEPROM_REGION_LENGTH__)?__EEPROM_REGION_LENGTH__:0x10000
                [0x0000000000000003]                __FUSE_REGION_LENGTH__ = DEFINED (__FUSE_REGION_LENGTH__)?__FUSE_REGION_LENGTH__:0x400
                0x0000000000000400                __LOCK_REGION_LENGTH__ = DEFINED (__LOCK_REGION_LENGTH__)?__LOCK_REGION_LENGTH__:0x400
                0x0000000000000400                __SIGNATURE_REGION_LENGTH__ = DEFINED (__SIGNATURE_REGION_LENGTH__)?__SIGNATURE_REGION_LENGTH__:0x400
                0x0000000000000400                __USER_SIGNATURE_REGION_LENGTH__ = DEFINED (__USER_SIGNATURE_REGION_LENGTH__)?__USER_SIGNATURE_REGION_LENGTH__:0x400

.hash
 *(.hash)

.dynsym
 *(.dynsym)

.dynstr
 *(.dynstr)

.gnu.version
 *(.gnu.version)

.gnu.version_d
 *(.gnu.version_d)

.gnu.version_r
 *(.gnu.version_r)

.rel.init
 *(.rel.init)

.rela.init
 *(.rela.init)

.rel.text
 *(.rel.text)
 *(.rel.text.*)
 *(.rel.gnu.linkonce.t*)

.rela.text
 *(.rela.text)
 *(.rela.text.*)
 *(.rela.gnu.linkonce.t*)

.rel.fini
 *(.rel.fini)

.rela.fini
 *(.rela.fini)

.rel.rodata
 *(.rel.rodata)
 *(.rel.rodata.*)
 *(.rel.gnu.linkonce.r*)

.rela.rodata
 *(.rela.rodata)
 *(.rela.rodata.*)
 *(.rela.gnu.linkonce.r*)

.rel.data
 *(.rel.data)
 *(.rel.data.*)
 *(.rel.gnu.linkonce.d*)

.rela.data
 *(.rela.data)
 *(.rela.data.*)
 *(.rela.gnu.linkonce.d*)

.rel.ctors
 *(.rel.ctors)

.rela.ctors
 *(.rela.ctors)

.rel.dtors
 *(.rel.dtors)

.rela.dtors
 *(.rela.dtors)

.rel.got
 *(.rel.got)

.rela.got
 *(.rela.got)

.rel.bss
 *(.rel.bss)

.rela.bss
 *(.rela.bss)

.rel.plt
 *(.rel.plt)

.rela.plt
 *(.rela.plt)

.text           0x0000000000000000     0x1448
 *(.vectors)
 .vectors       0x0000000000000000       0x7c /usr/lib/gcc/avr/10.2.0/../../../../avr/lib/avr5/crtatmega324pa.o
                0x0000000000000000                __vectors
                0x0000000000000000                __vector_default
 *(.vectors)
 *(.progmem.gcc*)
                0x000000000000007c                . = ALIGN (0x2)
                0x000000000000007c                __trampolines_start = .
 *(.trampolines)
 .trampolines   0x000000000000007c        0x0 linker stubs
 *(.trampolines*)
                0x000000000000007c                __trampolines_end = .
 *libprintf_flt.a:*(.progmem.data)
 *libc.a:*(.progmem.data)
 *(.progmem.*)
                0x000000000000007c                . = ALIGN (0x2)
 *(.lowtext)
 *(.lowtext*)
                0x000000000000007c                __ctors_start = .
 *(.ctors)
                0x000000000000007c                __ctors_end = .
                0x000000000000007c                __dtors_start = .
 *(.dtors)
                0x000000000000007c                __dtors_end = .
 SORT_BY_NAME(*)(.ctors)
 SORT_BY_NAME(*)(.dtors)
 *(.init0)
 .init0         0x000000000000007c        0x0 /usr/lib/gcc/avr/10.2.0/../../../../avr/lib/avr5/crtatmega324pa.o
                0x000000000000007c                __init
 *(.init0)
 *(.init1)
 *(.init1)
 *(.init2)
 .init2         0x000000000000007c        0xc /usr/lib/gcc/avr/10.2.0/../../../../avr/lib/avr5/crtatmega324pa.o
 *(.init2)
 *(.init3)
 *(.init3)
 *(.init4)
 .init4         0x0000000000000088       0x16 /usr/lib/gcc/avr/10.2.0/avr5/libgcc.a(_copy_data.o)
                0x0000000000000088                __do_copy_data
 .init4         0x000000000000009e       0x10 /usr/lib/gcc/avr/10.2.0/avr5/libgcc.a(_clear_bss.o)
                0x000000000000009e                __do_clear_bss
 *(.init4)
 *(.init5)
 *(.init5)
 *(.init6)
 *(.init6)
 *(.init7)
 *(.init7)
 *(.init8)
 *(.init8)
 *(.init9)
 .init9         0x00000000000000ae        0x8 /usr/lib/gcc/avr/10.2.0/../../../../avr/lib/avr5/crtatmega324pa.o
 *(.init9)
 *(.text)
 .text          0x00000000000000b6        0x4 /usr/lib/gcc/avr/10.2.0/../../../../avr/lib/avr5/crtatmega324pa.o
                0x00000000000000b6                __vector_22
                0x00000000000000b6                __vector_28
                0x00000000000000b6                __vector_1
                0x00000000000000b6                __vector_24
                0x00000000000000b6                __vector_12
                0x00000000000000b6                __bad_interrupt
                0x00000000000000b6                __vector_6
                0x00000000000000b6                __vector_3
                0x00000000000000b6                __vector_23
                0x00000000000000b6                __vector_30
                0x00000000000000b6                __vector_25
                0x00000000000000b6                __vector_11
                0x00000000000000b6                __vector_13
                0x00000000000000b6                __vector_17
                0x00000000000000b6                __vector_19
                0x00000000000000b6                __vector_7
                0x00000000000000b6                __vector_27
                0x00000000000000b6                __vector_5
                0x00000000000000b6                __vector_4
                0x00000000000000b6                __vector_9
                0x00000000000000b6                __vector_2
                0x00000000000000b6                __vector_21
                0x00000000000000b6                __vector_15
                0x00000000000000b6                __vector_29
                0x00000000000000b6                __vector_8
                0x00000000000000b6                __vector_26
                0x00000000000000b6                __vector_14
                0x00000000000000b6                __vector_10
                0x00000000000000b6                __vector_16
                0x00000000000000b6                __vector_18
                0x00000000000000b6                __vector_20
 .text          0x00000000000000ba        0x0 exec.o
 .text          0x00000000000000ba      0x64a ../lib//libstatique.a(Robot.o)
                0x00000000000000ba                _ZN5RobotC1Ev
                0x00000000000000ba                _ZN5RobotC2Ev
                0x0000000000000106                _ZN5Robot11verifyLightEv
                0x0000000000000156                _ZN5Robot10detectWallEv
                0x000000000000016a                _ZN5Robot11findNewWallEv
                0x000000000000017c                _ZN5Robot12performUTurnEv
                0x00000000000001c6                _ZN5Robot11writeMemoryEhh
                0x00000000000001ec                _ZN5Robot11followLightEv
                0x0000000000000370                _ZN5Robot10followWallEv
                0x000000000000040e                _ZN5Robot10readMemoryEv
                0x000000000000047e                _ZN5Robot10testButtonEv
                0x00000000000004b6                _ZN5Robot10testMotorsEv
                0x00000000000004f6                _ZN5Robot19testPhotoResistanceEv
                0x00000000000005b8                _ZN5Robot18testDistanceCaptorEv
                0x00000000000005de                _ZN5Robot14executeParkourEv
 .text          0x0000000000000704      0x35e ../lib//libstatique.a(memoire_24.o)
                0x0000000000000704                _ZN13Memoire24CXXXD2Ev
                0x0000000000000704                _ZN13Memoire24CXXXD1Ev
                0x0000000000000706                _ZN13Memoire24CXXX4initEv
                0x0000000000000718                _ZN13Memoire24CXXXC2Ev
                0x0000000000000718                _ZN13Memoire24CXXXC1Ev
                0x0000000000000724                _ZN13Memoire24CXXX12choisir_bancEh
                0x000000000000073a                _ZN13Memoire24CXXX7lectureEjPh
                0x00000000000007fc                _ZN13Memoire24CXXX7lectureEjPhh
                0x00000000000008c6                _ZN13Memoire24CXXX8ecritureEjh
                0x0000000000000956                _ZN13Memoire24CXXX11ecrire_pageEjPhh
                0x0000000000000a18                _ZN13Memoire24CXXX8ecritureEjPhh
 .text          0x0000000000000a62      0x14e ../lib//libstatique.a(DistanceCaptor.o)
                0x0000000000000a62                _ZN14DistanceCaptorC2Ev
                0x0000000000000a62                _ZN14DistanceCaptorC1Ev
                0x0000000000000a66                _ZN14DistanceCaptor11convertToCmEh
                0x0000000000000b66                _ZN14DistanceCaptor12readDistanceEv
 .text          0x0000000000000bb0      0x114 ../lib//libstatique.a(Memory.o)
                0x0000000000000bb0                _ZN6Memory10recordStepEhh
                0x0000000000000c16                _ZN6Memory8readStepEv
                0x0000000000000c46                _ZN6Memory9isReadingEj
                0x0000000000000c58                _ZN6Memory11saveCounterEv
                0x0000000000000ca2                _ZN6Memory11loadCounterEv
 .text          0x0000000000000cc4       0xfe ../lib//libstatique.a(Led.o)
                0x0000000000000cc4                _ZN3LedC2Ev
                0x0000000000000cc4                _ZN3LedC1Ev
                0x0000000000000ccc                _ZN3Led8setColorE5Color
                0x0000000000000d26                _ZN3Led5blinkE5Colorh
 .text          0x0000000000000dc2       0x38 ../lib//libstatique.a(Uart.o)
                0x0000000000000dc2                _ZN4UartC2Ev
                0x0000000000000dc2                _ZN4UartC1Ev
                0x0000000000000dde                _ZN4Uart11receiveByteEv
                0x0000000000000dec                _ZN4Uart12transferByteEh
 .text          0x0000000000000dfa       0xf2 ../lib//libstatique.a(PhotoResistance.o)
                0x0000000000000dfa                _ZN15PhotoResistanceC1Ev
                0x0000000000000dfa                _ZN15PhotoResistanceC2Ev
                0x0000000000000eaa                _ZN15PhotoResistance9readValueEh
 .text          0x0000000000000eec       0x3e ../lib//libstatique.a(Buttons.o)
                0x0000000000000eec                _ZN7ButtonsC1Ev
                0x0000000000000eec                _ZN7ButtonsC2Ev
                0x0000000000000ef4                _ZN7Buttons8debounceEh
 .text          0x0000000000000f2a       0xbc ../lib//libstatique.a(Motors.o)
                0x0000000000000f2a                _ZN6MotorsC2Ev
                0x0000000000000f2a                _ZN6MotorsC1Ev
                0x0000000000000f32                _ZN6Motors16moveForwardRightEh
                0x0000000000000f4c                _ZN6Motors17moveBackwardRightEh
                0x0000000000000f6a                _ZN6Motors15moveForwardLeftEh
                0x0000000000000f84                _ZN6Motors11setVelocityEhh
                0x0000000000000fba                _ZN6Motors16moveBackwardLeftEh
                0x0000000000000fd8                _ZN6Motors8stopLeftEv
                0x0000000000000fdc                _ZN6Motors9stopRightEv
                0x0000000000000fe0                _ZN6Motors10stopMotorsEv
 .text          0x0000000000000fe6       0x58 ../lib//libstatique.a(Can.o)
                0x0000000000000fe6                _ZN3CanC1Ev
                0x0000000000000fe6                _ZN3CanC2Ev
                0x0000000000000ff2                _ZN3CanD1Ev
                0x0000000000000ff2                _ZN3CanD2Ev
                0x0000000000000ff8                _ZN3Can7lectureEh
 .text          0x000000000000103e        0x0 /usr/lib/gcc/avr/10.2.0/avr5/libgcc.a(_udivmodhi4.o)
 .text          0x000000000000103e        0x0 /usr/lib/gcc/avr/10.2.0/avr5/libgcc.a(_exit.o)
 .text          0x000000000000103e        0x0 /usr/lib/gcc/avr/10.2.0/avr5/libgcc.a(_tablejump2.o)
 .text          0x000000000000103e        0x0 /usr/lib/gcc/avr/10.2.0/avr5/libgcc.a(_copy_data.o)
 .text          0x000000000000103e        0x0 /usr/lib/gcc/avr/10.2.0/avr5/libgcc.a(_clear_bss.o)
 .text          0x000000000000103e        0x0 /usr/lib/gcc/avr/10.2.0/../../../../avr/lib/avr5/libm.a(cmpsf2.o)
 .text          0x000000000000103e        0x0 /usr/lib/gcc/avr/10.2.0/../../../../avr/lib/avr5/libm.a(divsf3.o)
 .text          0x000000000000103e        0x0 /usr/lib/gcc/avr/10.2.0/../../../../avr/lib/avr5/libm.a(divsf3x.o)
 .text          0x000000000000103e        0x0 /usr/lib/gcc/avr/10.2.0/../../../../avr/lib/avr5/libm.a(fixunssfsi.o)
 .text          0x000000000000103e        0x0 /usr/lib/gcc/avr/10.2.0/../../../../avr/lib/avr5/libm.a(floatsisf.o)
 .text          0x000000000000103e        0x0 /usr/lib/gcc/avr/10.2.0/../../../../avr/lib/avr5/libm.a(fp_cmp.o)
 .text          0x000000000000103e        0x0 /usr/lib/gcc/avr/10.2.0/../../../../avr/lib/avr5/libm.a(fp_inf.o)
 .text          0x000000000000103e        0x0 /usr/lib/gcc/avr/10.2.0/../../../../avr/lib/avr5/libm.a(fp_nan.o)
 .text          0x000000000000103e        0x0 /usr/lib/gcc/avr/10.2.0/../../../../avr/lib/avr5/libm.a(fp_pscA.o)
 .text          0x000000000000103e        0x0 /usr/lib/gcc/avr/10.2.0/../../../../avr/lib/avr5/libm.a(fp_pscB.o)
 .text          0x000000000000103e        0x0 /usr/lib/gcc/avr/10.2.0/../../../../avr/lib/avr5/libm.a(fp_round.o)
 .text          0x000000000000103e        0x0 /usr/lib/gcc/avr/10.2.0/../../../../avr/lib/avr5/libm.a(fp_split3.o)
 .text          0x000000000000103e        0x0 /usr/lib/gcc/avr/10.2.0/../../../../avr/lib/avr5/libm.a(fp_zero.o)
 .text          0x000000000000103e        0x0 /usr/lib/gcc/avr/10.2.0/../../../../avr/lib/avr5/libm.a(mulsf3.o)
 .text          0x000000000000103e        0x0 /usr/lib/gcc/avr/10.2.0/../../../../avr/lib/avr5/libm.a(mulsf3x.o)
                0x000000000000103e                . = ALIGN (0x2)
 *(.text.*)
 .text.startup  0x000000000000103e       0x3a exec.o
                0x000000000000103e                main
 .text.libgcc.mul
                0x0000000000001078        0x0 /usr/lib/gcc/avr/10.2.0/avr5/libgcc.a(_udivmodhi4.o)
 .text.libgcc.div
                0x0000000000001078       0x28 /usr/lib/gcc/avr/10.2.0/avr5/libgcc.a(_udivmodhi4.o)
                0x0000000000001078                __udivmodhi4
 .text.libgcc   0x00000000000010a0        0x0 /usr/lib/gcc/avr/10.2.0/avr5/libgcc.a(_udivmodhi4.o)
 .text.libgcc.prologue
                0x00000000000010a0        0x0 /usr/lib/gcc/avr/10.2.0/avr5/libgcc.a(_udivmodhi4.o)
 .text.libgcc.builtins
                0x00000000000010a0        0x0 /usr/lib/gcc/avr/10.2.0/avr5/libgcc.a(_udivmodhi4.o)
 .text.libgcc.fmul
                0x00000000000010a0        0x0 /usr/lib/gcc/avr/10.2.0/avr5/libgcc.a(_udivmodhi4.o)
 .text.libgcc.fixed
                0x00000000000010a0        0x0 /usr/lib/gcc/avr/10.2.0/avr5/libgcc.a(_udivmodhi4.o)
 .text.libgcc.mul
                0x00000000000010a0        0x0 /usr/lib/gcc/avr/10.2.0/avr5/libgcc.a(_exit.o)
 .text.libgcc.div
                0x00000000000010a0        0x0 /usr/lib/gcc/avr/10.2.0/avr5/libgcc.a(_exit.o)
 .text.libgcc   0x00000000000010a0        0x0 /usr/lib/gcc/avr/10.2.0/avr5/libgcc.a(_exit.o)
 .text.libgcc.prologue
                0x00000000000010a0        0x0 /usr/lib/gcc/avr/10.2.0/avr5/libgcc.a(_exit.o)
 .text.libgcc.builtins
                0x00000000000010a0        0x0 /usr/lib/gcc/avr/10.2.0/avr5/libgcc.a(_exit.o)
 .text.libgcc.fmul
                0x00000000000010a0        0x0 /usr/lib/gcc/avr/10.2.0/avr5/libgcc.a(_exit.o)
 .text.libgcc.fixed
                0x00000000000010a0        0x0 /usr/lib/gcc/avr/10.2.0/avr5/libgcc.a(_exit.o)
 .text.libgcc.mul
                0x00000000000010a0        0x0 /usr/lib/gcc/avr/10.2.0/avr5/libgcc.a(_tablejump2.o)
 .text.libgcc.div
                0x00000000000010a0        0x0 /usr/lib/gcc/avr/10.2.0/avr5/libgcc.a(_tablejump2.o)
 .text.libgcc   0x00000000000010a0        0xc /usr/lib/gcc/avr/10.2.0/avr5/libgcc.a(_tablejump2.o)
                0x00000000000010a0                __tablejump2__
 .text.libgcc.prologue
                0x00000000000010ac        0x0 /usr/lib/gcc/avr/10.2.0/avr5/libgcc.a(_tablejump2.o)
 .text.libgcc.builtins
                0x00000000000010ac        0x0 /usr/lib/gcc/avr/10.2.0/avr5/libgcc.a(_tablejump2.o)
 .text.libgcc.fmul
                0x00000000000010ac        0x0 /usr/lib/gcc/avr/10.2.0/avr5/libgcc.a(_tablejump2.o)
 .text.libgcc.fixed
                0x00000000000010ac        0x0 /usr/lib/gcc/avr/10.2.0/avr5/libgcc.a(_tablejump2.o)
 .text.libgcc.mul
                0x00000000000010ac        0x0 /usr/lib/gcc/avr/10.2.0/avr5/libgcc.a(_copy_data.o)
 .text.libgcc.div
                0x00000000000010ac        0x0 /usr/lib/gcc/avr/10.2.0/avr5/libgcc.a(_copy_data.o)
 .text.libgcc   0x00000000000010ac        0x0 /usr/lib/gcc/avr/10.2.0/avr5/libgcc.a(_copy_data.o)
 .text.libgcc.prologue
                0x00000000000010ac        0x0 /usr/lib/gcc/avr/10.2.0/avr5/libgcc.a(_copy_data.o)
 .text.libgcc.builtins
                0x00000000000010ac        0x0 /usr/lib/gcc/avr/10.2.0/avr5/libgcc.a(_copy_data.o)
 .text.libgcc.fmul
                0x00000000000010ac        0x0 /usr/lib/gcc/avr/10.2.0/avr5/libgcc.a(_copy_data.o)
 .text.libgcc.fixed
                0x00000000000010ac        0x0 /usr/lib/gcc/avr/10.2.0/avr5/libgcc.a(_copy_data.o)
 .text.libgcc.mul
                0x00000000000010ac        0x0 /usr/lib/gcc/avr/10.2.0/avr5/libgcc.a(_clear_bss.o)
 .text.libgcc.div
                0x00000000000010ac        0x0 /usr/lib/gcc/avr/10.2.0/avr5/libgcc.a(_clear_bss.o)
 .text.libgcc   0x00000000000010ac        0x0 /usr/lib/gcc/avr/10.2.0/avr5/libgcc.a(_clear_bss.o)
 .text.libgcc.prologue
                0x00000000000010ac        0x0 /usr/lib/gcc/avr/10.2.0/avr5/libgcc.a(_clear_bss.o)
 .text.libgcc.builtins
                0x00000000000010ac        0x0 /usr/lib/gcc/avr/10.2.0/avr5/libgcc.a(_clear_bss.o)
 .text.libgcc.fmul
                0x00000000000010ac        0x0 /usr/lib/gcc/avr/10.2.0/avr5/libgcc.a(_clear_bss.o)
 .text.libgcc.fixed
                0x00000000000010ac        0x0 /usr/lib/gcc/avr/10.2.0/avr5/libgcc.a(_clear_bss.o)
 .text.avr-libc.fplib
                0x00000000000010ac        0xa /usr/lib/gcc/avr/10.2.0/../../../../avr/lib/avr5/libm.a(cmpsf2.o)
                0x00000000000010ac                __lesf2
                0x00000000000010ac                __nesf2
                0x00000000000010ac                __eqsf2
                0x00000000000010ac                __cmpsf2
                0x00000000000010ac                __ltsf2
 .text.avr-libc.fplib
                0x00000000000010b6        0x8 /usr/lib/gcc/avr/10.2.0/../../../../avr/lib/avr5/libm.a(divsf3.o)
                0x00000000000010b6                __divsf3
 .text.avr-libc.fplib
                0x00000000000010be       0xdc /usr/lib/gcc/avr/10.2.0/../../../../avr/lib/avr5/libm.a(divsf3x.o)
                0x00000000000010de                __divsf3x
                0x00000000000010e4                __divsf3_pse
 .text.avr-libc.fplib
                0x000000000000119a       0x5e /usr/lib/gcc/avr/10.2.0/../../../../avr/lib/avr5/libm.a(fixunssfsi.o)
                0x000000000000119a                __fixunssfsi
 .text.avr-libc.fplib
                0x00000000000011f8       0x7a /usr/lib/gcc/avr/10.2.0/../../../../avr/lib/avr5/libm.a(floatsisf.o)
                0x00000000000011f8                __floatunsisf
                0x00000000000011fc                __floatsisf
 .text.avr-libc.fplib
                0x0000000000001272       0x48 /usr/lib/gcc/avr/10.2.0/../../../../avr/lib/avr5/libm.a(fp_cmp.o)
                0x0000000000001272                __fp_cmp
 .text.avr-libc.fplib
                0x00000000000012ba        0xc /usr/lib/gcc/avr/10.2.0/../../../../avr/lib/avr5/libm.a(fp_inf.o)
                0x00000000000012ba                __fp_inf
 .text.avr-libc.fplib
                0x00000000000012c6        0x6 /usr/lib/gcc/avr/10.2.0/../../../../avr/lib/avr5/libm.a(fp_nan.o)
                0x00000000000012c6                __fp_nan
 .text.avr-libc.fplib
                0x00000000000012cc        0xe /usr/lib/gcc/avr/10.2.0/../../../../avr/lib/avr5/libm.a(fp_pscA.o)
                0x00000000000012cc                __fp_pscA
 .text.avr-libc.fplib
                0x00000000000012da        0xe /usr/lib/gcc/avr/10.2.0/../../../../avr/lib/avr5/libm.a(fp_pscB.o)
                0x00000000000012da                __fp_pscB
 .text.avr-libc.fplib
                0x00000000000012e8       0x22 /usr/lib/gcc/avr/10.2.0/../../../../avr/lib/avr5/libm.a(fp_round.o)
                0x00000000000012e8                __fp_round
 .text.avr-libc.fplib
                0x000000000000130a       0x44 /usr/lib/gcc/avr/10.2.0/../../../../avr/lib/avr5/libm.a(fp_split3.o)
                0x000000000000130a                __fp_split3
                0x000000000000131a                __fp_splitA
 .text.avr-libc.fplib
                0x000000000000134e        0xe /usr/lib/gcc/avr/10.2.0/../../../../avr/lib/avr5/libm.a(fp_zero.o)
                0x000000000000134e                __fp_zero
                0x0000000000001350                __fp_szero
 .text.avr-libc.fplib
                0x000000000000135c        0x8 /usr/lib/gcc/avr/10.2.0/../../../../avr/lib/avr5/libm.a(mulsf3.o)
                0x000000000000135c                __mulsf3
 .text.avr-libc.fplib
                0x0000000000001364       0xd2 /usr/lib/gcc/avr/10.2.0/../../../../avr/lib/avr5/libm.a(mulsf3x.o)
                0x0000000000001382                __mulsf3x
                0x0000000000001388                __mulsf3_pse
                0x0000000000001436                . = ALIGN (0x2)
 *(.fini9)
 .fini9         0x0000000000001436        0x0 /usr/lib/gcc/avr/10.2.0/avr5/libgcc.a(_exit.o)
                0x0000000000001436                exit
                0x0000000000001436                _exit
 *(.fini9)
 *(.fini8)
 *(.fini8)
 *(.fini7)
 *(.fini7)
 *(.fini6)
 *(.fini6)
 *(.fini5)
 *(.fini5)
 *(.fini4)
 *(.fini4)
 *(.fini3)
 *(.fini3)
 *(.fini2)
 *(.fini2)
 *(.fini1)
 *(.fini1)
 *(.fini0)
 .fini0         0x0000000000001436        0x4 /usr/lib/gcc/avr/10.2.0/avr5/libgcc.a(_exit.o)
 *(.fini0)
 *(.hightext)
 *(.hightext*)
 *(.progmemx.*)
                0x000000000000143a                . = ALIGN (0x2)
 *(.jumptables)
 *(.jumptables*)
 .jumptables.gcc._ZN5Robot14executeParkourEv
                0x000000000000143a        0xe ../lib//libstatique.a(Robot.o)
                0x0000000000001448                _etext = .

.data           0x0000000000800100       0x20 load address 0x0000000000001448
                0x0000000000800100                PROVIDE (__data_start = .)
 *(.data)
 .data          0x0000000000800100        0x0 /usr/lib/gcc/avr/10.2.0/../../../../avr/lib/avr5/crtatmega324pa.o
 .data          0x0000000000800100        0x1 exec.o
 .data          0x0000000000800101        0x1 ../lib//libstatique.a(Robot.o)
 .data          0x0000000000800102        0x1 ../lib//libstatique.a(memoire_24.o)
                0x0000000000800102                _ZN13Memoire24CXXX22m_adresse_peripheriqueE
 .data          0x0000000000800103        0x0 ../lib//libstatique.a(DistanceCaptor.o)
 .data          0x0000000000800103        0x0 ../lib//libstatique.a(Memory.o)
 .data          0x0000000000800103        0x0 ../lib//libstatique.a(Led.o)
 .data          0x0000000000800103        0x0 ../lib//libstatique.a(Uart.o)
 .data          0x0000000000800103        0x0 ../lib//libstatique.a(PhotoResistance.o)
 .data          0x0000000000800103        0x0 ../lib//libstatique.a(Buttons.o)
 .data          0x0000000000800103        0x1 ../lib//libstatique.a(Motors.o)
 .data          0x0000000000800104        0x0 ../lib//libstatique.a(Can.o)
 .data          0x0000000000800104        0x0 /usr/lib/gcc/avr/10.2.0/avr5/libgcc.a(_udivmodhi4.o)
 .data          0x0000000000800104        0x0 /usr/lib/gcc/avr/10.2.0/avr5/libgcc.a(_exit.o)
 .data          0x0000000000800104        0x0 /usr/lib/gcc/avr/10.2.0/avr5/libgcc.a(_tablejump2.o)
 .data          0x0000000000800104        0x0 /usr/lib/gcc/avr/10.2.0/avr5/libgcc.a(_copy_data.o)
 .data          0x0000000000800104        0x0 /usr/lib/gcc/avr/10.2.0/avr5/libgcc.a(_clear_bss.o)
 .data          0x0000000000800104        0x0 /usr/lib/gcc/avr/10.2.0/../../../../avr/lib/avr5/libm.a(cmpsf2.o)
 .data          0x0000000000800104        0x0 /usr/lib/gcc/avr/10.2.0/../../../../avr/lib/avr5/libm.a(divsf3.o)
 .data          0x0000000000800104        0x0 /usr/lib/gcc/avr/10.2.0/../../../../avr/lib/avr5/libm.a(divsf3x.o)
 .data          0x0000000000800104        0x0 /usr/lib/gcc/avr/10.2.0/../../../../avr/lib/avr5/libm.a(fixunssfsi.o)
 .data          0x0000000000800104        0x0 /usr/lib/gcc/avr/10.2.0/../../../../avr/lib/avr5/libm.a(floatsisf.o)
 .data          0x0000000000800104        0x0 /usr/lib/gcc/avr/10.2.0/../../../../avr/lib/avr5/libm.a(fp_cmp.o)
 .data          0x0000000000800104        0x0 /usr/lib/gcc/avr/10.2.0/../../../../avr/lib/avr5/libm.a(fp_inf.o)
 .data          0x0000000000800104        0x0 /usr/lib/gcc/avr/10.2.0/../../../../avr/lib/avr5/libm.a(fp_nan.o)
 .data          0x0000000000800104        0x0 /usr/lib/gcc/avr/10.2.0/../../../../avr/lib/avr5/libm.a(fp_pscA.o)
 .data          0x0000000000800104        0x0 /usr/lib/gcc/avr/10.2.0/../../../../avr/lib/avr5/libm.a(fp_pscB.o)
 .data          0x0000000000800104        0x0 /usr/lib/gcc/avr/10.2.0/../../../../avr/lib/avr5/libm.a(fp_round.o)
 .data          0x0000000000800104        0x0 /usr/lib/gcc/avr/10.2.0/../../../../avr/lib/avr5/libm.a(fp_split3.o)
 .data          0x0000000000800104        0x0 /usr/lib/gcc/avr/10.2.0/../../../../avr/lib/avr5/libm.a(fp_zero.o)
 .data          0x0000000000800104        0x0 /usr/lib/gcc/avr/10.2.0/../../../../avr/lib/avr5/libm.a(mulsf3.o)
 .data          0x0000000000800104        0x0 /usr/lib/gcc/avr/10.2.0/../../../../avr/lib/avr5/libm.a(mulsf3x.o)
 *(.data*)
 *(.gnu.linkonce.d*)
 *(.rodata)
 .rodata        0x0000000000800104       0x1b ../lib//libstatique.a(DistanceCaptor.o)
 *(.rodata*)
 *(.gnu.linkonce.r*)
                0x0000000000800120                . = ALIGN (0x2)
 *fill*         0x000000000080011f        0x1 
                0x0000000000800120                _edata = .
                0x0000000000800120                PROVIDE (__data_end = .)

.bss            0x0000000000800120        0x2
                0x0000000000800120                PROVIDE (__bss_start = .)
 *(.bss)
 .bss           0x0000000000800120        0x0 /usr/lib/gcc/avr/10.2.0/../../../../avr/lib/avr5/crtatmega324pa.o
 .bss           0x0000000000800120        0x1 exec.o
 .bss           0x0000000000800121        0x1 ../lib//libstatique.a(Robot.o)
 .bss           0x0000000000800122        0x0 ../lib//libstatique.a(memoire_24.o)
 .bss           0x0000000000800122        0x0 ../lib//libstatique.a(DistanceCaptor.o)
 .bss           0x0000000000800122        0x0 ../lib//libstatique.a(Memory.o)
 .bss           0x0000000000800122        0x0 ../lib//libstatique.a(Led.o)
 .bss           0x0000000000800122        0x0 ../lib//libstatique.a(Uart.o)
 .bss           0x0000000000800122        0x0 ../lib//libstatique.a(PhotoResistance.o)
 .bss           0x0000000000800122        0x0 ../lib//libstatique.a(Buttons.o)
 .bss           0x0000000000800122        0x0 ../lib//libstatique.a(Motors.o)
 .bss           0x0000000000800122        0x0 ../lib//libstatique.a(Can.o)
 .bss           0x0000000000800122        0x0 /usr/lib/gcc/avr/10.2.0/avr5/libgcc.a(_udivmodhi4.o)
 .bss           0x0000000000800122        0x0 /usr/lib/gcc/avr/10.2.0/avr5/libgcc.a(_exit.o)
 .bss           0x0000000000800122        0x0 /usr/lib/gcc/avr/10.2.0/avr5/libgcc.a(_tablejump2.o)
 .bss           0x0000000000800122        0x0 /usr/lib/gcc/avr/10.2.0/avr5/libgcc.a(_copy_data.o)
 .bss           0x0000000000800122        0x0 /usr/lib/gcc/avr/10.2.0/avr5/libgcc.a(_clear_bss.o)
 .bss           0x0000000000800122        0x0 /usr/lib/gcc/avr/10.2.0/../../../../avr/lib/avr5/libm.a(cmpsf2.o)
 .bss           0x0000000000800122        0x0 /usr/lib/gcc/avr/10.2.0/../../../../avr/lib/avr5/libm.a(divsf3.o)
 .bss           0x0000000000800122        0x0 /usr/lib/gcc/avr/10.2.0/../../../../avr/lib/avr5/libm.a(divsf3x.o)
 .bss           0x0000000000800122        0x0 /usr/lib/gcc/avr/10.2.0/../../../../avr/lib/avr5/libm.a(fixunssfsi.o)
 .bss           0x0000000000800122        0x0 /usr/lib/gcc/avr/10.2.0/../../../../avr/lib/avr5/libm.a(floatsisf.o)
 .bss           0x0000000000800122        0x0 /usr/lib/gcc/avr/10.2.0/../../../../avr/lib/avr5/libm.a(fp_cmp.o)
 .bss           0x0000000000800122        0x0 /usr/lib/gcc/avr/10.2.0/../../../../avr/lib/avr5/libm.a(fp_inf.o)
 .bss           0x0000000000800122        0x0 /usr/lib/gcc/avr/10.2.0/../../../../avr/lib/avr5/libm.a(fp_nan.o)
 .bss           0x0000000000800122        0x0 /usr/lib/gcc/avr/10.2.0/../../../../avr/lib/avr5/libm.a(fp_pscA.o)
 .bss           0x0000000000800122        0x0 /usr/lib/gcc/avr/10.2.0/../../../../avr/lib/avr5/libm.a(fp_pscB.o)
 .bss           0x0000000000800122        0x0 /usr/lib/gcc/avr/10.2.0/../../../../avr/lib/avr5/libm.a(fp_round.o)
 .bss           0x0000000000800122        0x0 /usr/lib/gcc/avr/10.2.0/../../../../avr/lib/avr5/libm.a(fp_split3.o)
 .bss           0x0000000000800122        0x0 /usr/lib/gcc/avr/10.2.0/../../../../avr/lib/avr5/libm.a(fp_zero.o)
 .bss           0x0000000000800122        0x0 /usr/lib/gcc/avr/10.2.0/../../../../avr/lib/avr5/libm.a(mulsf3.o)
 .bss           0x0000000000800122        0x0 /usr/lib/gcc/avr/10.2.0/../../../../avr/lib/avr5/libm.a(mulsf3x.o)
 *(.bss*)
 *(COMMON)
                0x0000000000800122                PROVIDE (__bss_end = .)
                0x0000000000001448                __data_load_start = LOADADDR (.data)
                0x0000000000001468                __data_load_end = (__data_load_start + SIZEOF (.data))

.noinit         0x0000000000800122        0x0
                [!provide]                        PROVIDE (__noinit_start = .)
 *(.noinit*)
                [!provide]                        PROVIDE (__noinit_end = .)
                0x0000000000800122                _end = .
                [!provide]                        PROVIDE (__heap_start = .)

.eeprom         0x0000000000810000        0x0
 *(.eeprom*)
                0x0000000000810000                __eeprom_end = .

.fuse
 *(.fuse)
 *(.lfuse)
 *(.hfuse)
 *(.efuse)

.lock
 *(.lock*)

.signature
 *(.signature*)

.stab           0x0000000000000000     0x36c0
 *(.stab)
 .stab          0x0000000000000000      0x24c exec.o
 .stab          0x000000000000024c      0xea0 ../lib//libstatique.a(Robot.o)
                                        0xeac (size before relaxing)
 .stab          0x00000000000010ec      0xc30 ../lib//libstatique.a(memoire_24.o)
                                        0xc3c (size before relaxing)
 .stab          0x0000000000001d1c      0x27c ../lib//libstatique.a(DistanceCaptor.o)
                                        0x288 (size before relaxing)
 .stab          0x0000000000001f98      0x324 ../lib//libstatique.a(Memory.o)
                                        0x330 (size before relaxing)
 .stab          0x00000000000022bc      0x39c ../lib//libstatique.a(Led.o)
                                        0x3a8 (size before relaxing)
 .stab          0x0000000000002658      0x1a4 ../lib//libstatique.a(Uart.o)
                                        0x1b0 (size before relaxing)
 .stab          0x00000000000027fc      0x2ac ../lib//libstatique.a(PhotoResistance.o)
                                        0x2b8 (size before relaxing)
 .stab          0x0000000000002aa8      0x180 ../lib//libstatique.a(Buttons.o)
                                        0x18c (size before relaxing)
 .stab          0x0000000000002c28      0x4c8 ../lib//libstatique.a(Motors.o)
                                        0x4d4 (size before relaxing)
 .stab          0x00000000000030f0      0x1e0 ../lib//libstatique.a(Can.o)
                                        0x1ec (size before relaxing)
 .stab          0x00000000000032d0      0x15c /usr/lib/gcc/avr/10.2.0/avr5/libgcc.a(_udivmodhi4.o)
                                        0x168 (size before relaxing)
 .stab          0x000000000000342c       0x6c /usr/lib/gcc/avr/10.2.0/avr5/libgcc.a(_exit.o)
                                         0x78 (size before relaxing)
 .stab          0x0000000000003498       0x9c /usr/lib/gcc/avr/10.2.0/avr5/libgcc.a(_tablejump2.o)
                                         0xa8 (size before relaxing)
 .stab          0x0000000000003534       0xd8 /usr/lib/gcc/avr/10.2.0/avr5/libgcc.a(_copy_data.o)
                                         0xe4 (size before relaxing)
 .stab          0x000000000000360c       0xb4 /usr/lib/gcc/avr/10.2.0/avr5/libgcc.a(_clear_bss.o)
                                         0xc0 (size before relaxing)

.stabstr        0x0000000000000000     0x6f58
 *(.stabstr)
 .stabstr       0x0000000000000000     0x6f58 exec.o

.stab.excl
 *(.stab.excl)

.stab.exclstr
 *(.stab.exclstr)

.stab.index
 *(.stab.index)

.stab.indexstr
 *(.stab.indexstr)

.comment        0x0000000000000000       0x23
 *(.comment)
 .comment       0x0000000000000000       0x23 exec.o
                                         0x24 (size before relaxing)
 .comment       0x0000000000000023       0x24 ../lib//libstatique.a(Robot.o)
 .comment       0x0000000000000023       0x24 ../lib//libstatique.a(memoire_24.o)
 .comment       0x0000000000000023       0x24 ../lib//libstatique.a(DistanceCaptor.o)
 .comment       0x0000000000000023       0x24 ../lib//libstatique.a(Memory.o)
 .comment       0x0000000000000023       0x24 ../lib//libstatique.a(Led.o)
 .comment       0x0000000000000023       0x24 ../lib//libstatique.a(Uart.o)
 .comment       0x0000000000000023       0x24 ../lib//libstatique.a(PhotoResistance.o)
 .comment       0x0000000000000023       0x24 ../lib//libstatique.a(Buttons.o)
 .comment       0x0000000000000023       0x24 ../lib//libstatique.a(Motors.o)
 .comment       0x0000000000000023       0x24 ../lib//libstatique.a(Can.o)

.note.gnu.avr.deviceinfo
                0x0000000000000000       0x40
 .note.gnu.avr.deviceinfo
                0x0000000000000000       0x40 /usr/lib/gcc/avr/10.2.0/../../../../avr/lib/avr5/crtatmega324pa.o

.note.gnu.build-id
 *(.note.gnu.build-id)

.debug
 *(.debug)

.line
 *(.line)

.debug_srcinfo
 *(.debug_srcinfo)

.debug_sfnames
 *(.debug_sfnames)

.debug_aranges
 *(.debug_aranges)

.debug_pubnames
 *(.debug_pubnames)

.debug_info     0x0000000000000000      0x6cc
 *(.debug_info .gnu.linkonce.wi.*)
 .debug_info    0x0000000000000000      0x6cc /usr/lib/gcc/avr/10.2.0/../../../../avr/lib/avr5/crtatmega324pa.o

.debug_abbrev   0x0000000000000000      0x66e
 *(.debug_abbrev)
 .debug_abbrev  0x0000000000000000      0x66e /usr/lib/gcc/avr/10.2.0/../../../../avr/lib/avr5/crtatmega324pa.o

.debug_line     0x0000000000000000       0x1d
 *(.debug_line .debug_line.* .debug_line_end)
 .debug_line    0x0000000000000000       0x1d /usr/lib/gcc/avr/10.2.0/../../../../avr/lib/avr5/crtatmega324pa.o

.debug_frame
 *(.debug_frame)

.debug_str      0x0000000000000000      0x255
 *(.debug_str)
 .debug_str     0x0000000000000000      0x255 /usr/lib/gcc/avr/10.2.0/../../../../avr/lib/avr5/crtatmega324pa.o

.debug_loc
 *(.debug_loc)

.debug_macinfo
 *(.debug_macinfo)

.debug_weaknames
 *(.debug_weaknames)

.debug_funcnames
 *(.debug_funcnames)

.debug_typenames
 *(.debug_typenames)

.debug_varnames
 *(.debug_varnames)

.debug_pubtypes
 *(.debug_pubtypes)

.debug_ranges
 *(.debug_ranges)

.debug_macro
 *(.debug_macro)

.debug_addr
 *(.debug_addr)
OUTPUT(executable.out elf32-avr)
LOAD linker stubs
